=== REGISTRO DE AUDITORIA DE CONSENSO - INICIADO 2026-06-06 17:50:29 ===
[2026-06-06 17:50:30] [CONEXION] Nodo 'Validador_Alfa' conectado.
[2026-06-06 17:50:30] [CONEXION] Nodo 'Validador_Beta' conectado.
[2026-06-06 17:50:30] [CONEXION] Nodo 'Validador_Gamma' conectado.
[2026-06-06 17:50:30] [DESCONEXION] Nodo 'Validador_Gamma' desconectado.
[2026-06-06 17:50:39] [VOTO_VALIDADO] Validador_Alfa voto BLOQUE_OK. Nonce=10 verificado en 0.30s.
[2026-06-06 17:50:39] [VOTO_VALIDADO] Validador_Beta voto BLOQUE_OK. Nonce=10 verificado en 0.31s.
[2026-06-06 17:50:39] [CONSENSO] Bloque 1 consolidado con 2 votos OK. Latencia: 0.31s. Nonce: 10, Hash: 040eb3b044b1b0a270f5939ede27168c8d37857c0df2f3c3e257cc8f4751f500
[2026-06-06 17:50:41] [VOTO_VALIDADO] Validador_Beta voto BLOQUE_OK. Nonce=1 verificado en 0.30s.
[2026-06-06 17:50:41] [VOTO_VALIDADO] Validador_Alfa voto BLOQUE_OK. Nonce=1 verificado en 0.31s.
[2026-06-06 17:50:41] [CONSENSO] Bloque 2 consolidado con 2 votos OK. Latencia: 0.31s. Nonce: 1, Hash: 03057a67b4c150e2ceb3531c0e2f06ec748f45cbb19fb40e6a70fcc9d7f0c541
[2026-06-06 17:50:43] [VOTO_VALIDADO] Validador_Alfa voto BLOQUE_OK. Nonce=0 verificado en 0.31s.
[2026-06-06 17:50:43] [VOTO_VALIDADO] Validador_Beta voto BLOQUE_OK. Nonce=0 verificado en 0.31s.
[2026-06-06 17:50:43] [CONSENSO] Bloque 3 consolidado con 2 votos OK. Latencia: 0.31s. Nonce: 0, Hash: 011f44f2927b4b85e4a5b783b77b7128bdb6ac7b8b5c410faf78a5b96b0795f4
[2026-06-06 17:50:44] [VOTO_VALIDADO] Validador_Beta voto BLOQUE_OK. Nonce=0 verificado en 0.31s.
[2026-06-06 17:50:44] [VOTO_VALIDADO] Validador_Alfa voto BLOQUE_OK. Nonce=0 verificado en 0.31s.
[2026-06-06 17:50:44] [CONSENSO] Bloque 4 consolidado con 2 votos OK. Latencia: 0.31s. Nonce: 0, Hash: 05a96ab1b1d4200052837fcf70a18290d26fe8e7660e0f20cca0286eaad5ce07
[2026-06-06 17:50:46] [VOTO_VALIDADO] Validador_Beta voto BLOQUE_OK. Nonce=0 verificado en 0.31s.
[2026-06-06 17:50:46] [VOTO_VALIDADO] Validador_Alfa voto BLOQUE_OK. Nonce=0 verificado en 0.31s.
[2026-06-06 17:50:46] [CONSENSO] Bloque 5 consolidado con 2 votos OK. Latencia: 0.31s. Nonce: 0, Hash: 00de1410419668553e5992f7d6d06c437cc74ac28cb32a75906a1b096d8b2c64
[2026-06-06 17:50:48] [VOTO_VALIDADO] Validador_Beta voto BLOQUE_OK. Nonce=13 verificado en 0.31s.
[2026-06-06 17:50:48] [VOTO_VALIDADO] Validador_Alfa voto BLOQUE_OK. Nonce=13 verificado en 0.31s.
[2026-06-06 17:50:48] [CONSENSO] Bloque 6 consolidado con 2 votos OK. Latencia: 0.31s. Nonce: 13, Hash: 07640619f053723f181a35aeab62ddd22ce4e8a5924360e6dd474e424b5c120d
[2026-06-06 17:50:50] [VOTO_VALIDADO] Validador_Alfa voto BLOQUE_OK. Nonce=17 verificado en 0.31s.
[2026-06-06 17:50:50] [VOTO_VALIDADO] Validador_Beta voto BLOQUE_OK. Nonce=17 verificado en 0.31s.
[2026-06-06 17:50:50] [CONSENSO] Bloque 7 consolidado con 2 votos OK. Latencia: 0.31s. Nonce: 17, Hash: 01b8939f70df98c0af668a8587fc5dcf052d9eac4e07048387fa0c2f36b29ecf
[2026-06-06 17:50:52] [VOTO_VALIDADO] Validador_Alfa voto BLOQUE_OK. Nonce=14 verificado en 0.31s.
[2026-06-06 17:50:52] [VOTO_VALIDADO] Validador_Beta voto BLOQUE_OK. Nonce=14 verificado en 0.31s.
[2026-06-06 17:50:52] [CONSENSO] Bloque 8 consolidado con 2 votos OK. Latencia: 0.31s. Nonce: 14, Hash: 0bca3e71e6ddae9117a5b60c8c877f2cce1e812d319dd3c05c0c1e73c9346ce0
[2026-06-06 17:51:11] [CONEXION] Nodo 'jejejje' conectado.
